// Jest Snapshot v1, https://goo.gl/fbAQLP

exports[`Content renders 1`] = `
<span
  dangerouslySetInnerHTML={
    Object {
      "__html": "http://www.facebook.com",
    }
  }
/>
`;
